Copyright 1986-2022 Xilinx, Inc. All Rights Reserved. Copyright 2022-2025 Advanced Micro Devices, Inc. All Rights Reserved.
---------------------------------------------------------------------------------------------------------------------------------------------------------------------------------------------------------------------------------------------
| Tool Version : Vivado v.2025.2 (win64) Build 6299465 Fri Nov 14 19:35:11 GMT 2025
| Date         : Wed Mar 18 09:39:48 2026
| Host         : PC-631 running 64-bit major release  (build 9200)
| Command      : report_timing_summary -max_paths 10 -routable_nets -report_unconstrained -file display_top_timing_summary_routed.rpt -pb display_top_timing_summary_routed.pb -rpx display_top_timing_summary_routed.rpx -warn_on_violation
| Design       : display_top
| Device       : 7a50ti-csg324
| Speed File   : -1L  PRODUCTION 1.23 2018-06-13
| Design State : Routed
---------------------------------------------------------------------------------------------------------------------------------------------------------------------------------------------------------------------------------------------

Timing Summary Report

------------------------------------------------------------------------------------------------
| Timer Settings
| --------------
------------------------------------------------------------------------------------------------

  Enable Multi Corner Analysis               :  Yes
  Enable Pessimism Removal                   :  Yes
  Pessimism Removal Resolution               :  Nearest Common Node
  Enable Input Delay Default Clock           :  No
  Enable Preset / Clear Arcs                 :  No
  Disable Flight Delays                      :  No
  Ignore I/O Paths                           :  No
  Timing Early Launch at Borrowing Latches   :  No
  Borrow Time for Max Delay Exceptions       :  Yes
  Merge Timing Exceptions                    :  Yes
  Inter-SLR Compensation                     :  Conservative

  Corner  Analyze    Analyze    
  Name    Max Paths  Min Paths  
  ------  ---------  ---------  
  Slow    Yes        Yes        
  Fast    Yes        Yes        


------------------------------------------------------------------------------------------------
| Report Methodology
| ------------------
------------------------------------------------------------------------------------------------

Rule       Severity          Description                  Violations  
---------  ----------------  ---------------------------  ----------  
TIMING-17  Critical Warning  Non-clocked sequential cell  29          

Note: This report is based on the most recent report_methodology run and may not be up-to-date. Run report_methodology on the current design for the latest report.



check_timing report

Table of Contents
-----------------
1. checking no_clock (29)
2. checking constant_clock (0)
3. checking pulse_width_clock (0)
4. checking unconstrained_internal_endpoints (56)
5. checking no_input_delay (1)
6. checking no_output_delay (9)
7. checking multiple_clock (0)
8. checking generated_clocks (0)
9. checking loops (0)
10. checking partial_input_delay (0)
11. checking partial_output_delay (0)
12. checking latch_loops (0)

1. checking no_clock (29)
-------------------------
 There are 29 register/latch pins with no clock driven by root clock pin: clk (HIGH)


2. checking constant_clock (0)
------------------------------
 There are 0 register/latch pins with constant_clock.


3. checking pulse_width_clock (0)
---------------------------------
 There are 0 register/latch pins which need pulse_width check


4. checking unconstrained_internal_endpoints (56)
-------------------------------------------------
 There are 56 pins that are not constrained for maximum delay. (HIGH)

 There are 0 pins that are not constrained for maximum delay due to constant clock.


5. checking no_input_delay (1)
------------------------------
 There is 1 input port with no input delay specified. (HIGH)

 There are 0 input ports with no input delay but user has a false path constraint.


6. checking no_output_delay (9)
-------------------------------
 There are 9 ports with no output delay specified. (HIGH)

 There are 0 ports with no output delay but user has a false path constraint

 There are 0 ports with no output delay but with a timing clock defined on it or propagating through it


7. checking multiple_clock (0)
------------------------------
 There are 0 register/latch pins with multiple clocks.


8. checking generated_clocks (0)
--------------------------------
 There are 0 generated clocks that are not connected to a clock source.


9. checking loops (0)
---------------------
 There are 0 combinational loops in the design.


10. checking partial_input_delay (0)
------------------------------------
 There are 0 input ports with partial input delay specified.


11. checking partial_output_delay (0)
-------------------------------------
 There are 0 ports with partial output delay specified.


12. checking latch_loops (0)
----------------------------
 There are 0 combinational latch loops in the design through latch input



------------------------------------------------------------------------------------------------
| Design Timing Summary
| ---------------------
------------------------------------------------------------------------------------------------

    WNS(ns)      TNS(ns)  TNS Failing Endpoints  TNS Total Endpoints      WHS(ns)      THS(ns)  THS Failing Endpoints  THS Total Endpoints     WPWS(ns)     TPWS(ns)  TPWS Failing Endpoints  TPWS Total Endpoints  
    -------      -------  ---------------------  -------------------      -------      -------  ---------------------  -------------------     --------     --------  ----------------------  --------------------  
        inf        0.000                      0                   65          inf        0.000                      0                   65           NA           NA                      NA                    NA  


There are no user specified timing constraints.


------------------------------------------------------------------------------------------------
| Clock Summary
| -------------
------------------------------------------------------------------------------------------------


------------------------------------------------------------------------------------------------
| Intra Clock Table
| -----------------
------------------------------------------------------------------------------------------------

Clock             WNS(ns)      TNS(ns)  TNS Failing Endpoints  TNS Total Endpoints      WHS(ns)      THS(ns)  THS Failing Endpoints  THS Total Endpoints     WPWS(ns)     TPWS(ns)  TPWS Failing Endpoints  TPWS Total Endpoints  
-----             -------      -------  ---------------------  -------------------      -------      -------  ---------------------  -------------------     --------     --------  ----------------------  --------------------  


------------------------------------------------------------------------------------------------
| Inter Clock Table
| -----------------
------------------------------------------------------------------------------------------------

From Clock    To Clock          WNS(ns)      TNS(ns)  TNS Failing Endpoints  TNS Total Endpoints      WHS(ns)      THS(ns)  THS Failing Endpoints  THS Total Endpoints  
----------    --------          -------      -------  ---------------------  -------------------      -------      -------  ---------------------  -------------------  


------------------------------------------------------------------------------------------------
| Other Path Groups Table
| -----------------------
------------------------------------------------------------------------------------------------

Path Group    From Clock    To Clock          WNS(ns)      TNS(ns)  TNS Failing Endpoints  TNS Total Endpoints      WHS(ns)      THS(ns)  THS Failing Endpoints  THS Total Endpoints  
----------    ----------    --------          -------      -------  ---------------------  -------------------      -------      -------  ---------------------  -------------------  


------------------------------------------------------------------------------------------------
| User Ignored Path Table
| -----------------------
------------------------------------------------------------------------------------------------

Path Group    From Clock    To Clock    
----------    ----------    --------    


------------------------------------------------------------------------------------------------
| Unconstrained Path Table
| ------------------------
------------------------------------------------------------------------------------------------

Path Group    From Clock    To Clock    
----------    ----------    --------    
(none)                                    


------------------------------------------------------------------------------------------------
| Timing Details
| --------------
------------------------------------------------------------------------------------------------


--------------------------------------------------------------------------------------
Path Group:  (none)
From Clock:  
  To Clock:  

Max Delay            65 Endpoints
Min Delay            65 Endpoints
--------------------------------------------------------------------------------------


Max Delay Paths
--------------------------------------------------------------------------------------
Slack:                    inf
  Source:                 sw[7]
                            (input port)
  Destination:            seg[1]
                            (output port)
  Path Group:             (none)
  Path Type:              Max at Slow Process Corner
  Data Path Delay:        8.402ns  (logic 4.086ns (48.630%)  route 4.316ns (51.370%))
  Logic Levels:           4  (IBUF=1 LUT3=1 LUT6=1 OBUF=1)

    Location             Delay type                Incr(ns)  Path(ns)    Netlist Resource(s)
  -------------------------------------------------------------------    -------------------
    R15                                               0.000     0.000 r  sw[7] (IN)
                         net (fo=0)                   0.000     0.000    sw[7]
    R15                  IBUF (Prop_ibuf_I_O)         0.954     0.954 r  sw_IBUF[7]_inst/O
                         net (fo=1, routed)           1.422     2.376    display_0/counter_0/sw_IBUF[7]
    SLICE_X1Y19          LUT3 (Prop_lut3_I0_O)        0.152     2.528 r  display_0/counter_0/seg_OBUF[6]_inst_i_3/O
                         net (fo=7, routed)           1.017     3.545    display_0/counter_0/bin[3]
    SLICE_X1Y17          LUT6 (Prop_lut6_I4_O)        0.326     3.871 r  display_0/counter_0/seg_OBUF[1]_inst_i_1/O
                         net (fo=1, routed)           1.877     5.748    seg_OBUF[1]
    V12                  OBUF (Prop_obuf_I_O)         2.654     8.402 r  seg_OBUF[1]_inst/O
                         net (fo=0)                   0.000     8.402    seg[1]
    V12                                                               r  seg[1] (OUT)
  -------------------------------------------------------------------    -------------------

Slack:                    inf
  Source:                 sw[7]
                            (input port)
  Destination:            seg[6]
                            (output port)
  Path Group:             (none)
  Path Type:              Max at Slow Process Corner
  Data Path Delay:        8.237ns  (logic 4.062ns (49.317%)  route 4.175ns (50.683%))
  Logic Levels:           4  (IBUF=1 LUT3=1 LUT6=1 OBUF=1)

    Location             Delay type                Incr(ns)  Path(ns)    Netlist Resource(s)
  -------------------------------------------------------------------    -------------------
    R15                                               0.000     0.000 r  sw[7] (IN)
                         net (fo=0)                   0.000     0.000    sw[7]
    R15                  IBUF (Prop_ibuf_I_O)         0.954     0.954 r  sw_IBUF[7]_inst/O
                         net (fo=1, routed)           1.422     2.376    display_0/counter_0/sw_IBUF[7]
    SLICE_X1Y19          LUT3 (Prop_lut3_I0_O)        0.152     2.528 r  display_0/counter_0/seg_OBUF[6]_inst_i_3/O
                         net (fo=7, routed)           0.847     3.375    display_0/counter_0/bin[3]
    SLICE_X1Y17          LUT6 (Prop_lut6_I1_O)        0.326     3.701 r  display_0/counter_0/seg_OBUF[6]_inst_i_1/O
                         net (fo=1, routed)           1.906     5.606    seg_OBUF[6]
    U16                  OBUF (Prop_obuf_I_O)         2.630     8.237 r  seg_OBUF[6]_inst/O
                         net (fo=0)                   0.000     8.237    seg[6]
    U16                                                               r  seg[6] (OUT)
  -------------------------------------------------------------------    -------------------

Slack:                    inf
  Source:                 sw[5]
                            (input port)
  Destination:            seg[0]
                            (output port)
  Path Group:             (none)
  Path Type:              Max at Slow Process Corner
  Data Path Delay:        8.091ns  (logic 4.087ns (50.506%)  route 4.005ns (49.494%))
  Logic Levels:           4  (IBUF=1 LUT3=1 LUT6=1 OBUF=1)

    Location             Delay type                Incr(ns)  Path(ns)    Netlist Resource(s)
  -------------------------------------------------------------------    -------------------
    T15                                               0.000     0.000 r  sw[5] (IN)
                         net (fo=0)                   0.000     0.000    sw[5]
    T15                  IBUF (Prop_ibuf_I_O)         0.966     0.966 r  sw_IBUF[5]_inst/O
                         net (fo=6, routed)           1.625     2.591    display_0/counter_0/sw_IBUF[5]
    SLICE_X1Y18          LUT3 (Prop_lut3_I0_O)        0.152     2.743 r  display_0/counter_0/seg_OBUF[3]_inst_i_2/O
                         net (fo=2, routed)           0.307     3.050    display_0/counter_0/bin[1]
    SLICE_X1Y19          LUT6 (Prop_lut6_I3_O)        0.326     3.376 r  display_0/counter_0/seg_OBUF[0]_inst_i_1/O
                         net (fo=1, routed)           2.073     5.449    seg_OBUF[0]
    V10                  OBUF (Prop_obuf_I_O)         2.642     8.091 r  seg_OBUF[0]_inst/O
                         net (fo=0)                   0.000     8.091    seg[0]
    V10                                                               r  seg[0] (OUT)
  -------------------------------------------------------------------    -------------------

Slack:                    inf
  Source:                 sw[7]
                            (input port)
  Destination:            seg[3]
                            (output port)
  Path Group:             (none)
  Path Type:              Max at Slow Process Corner
  Data Path Delay:        8.049ns  (logic 4.059ns (50.428%)  route 3.990ns (49.572%))
  Logic Levels:           4  (IBUF=1 LUT3=1 LUT6=1 OBUF=1)

    Location             Delay type                Incr(ns)  Path(ns)    Netlist Resource(s)
  -------------------------------------------------------------------    -------------------
    R15                                               0.000     0.000 r  sw[7] (IN)
                         net (fo=0)                   0.000     0.000    sw[7]
    R15                  IBUF (Prop_ibuf_I_O)         0.954     0.954 r  sw_IBUF[7]_inst/O
                         net (fo=1, routed)           1.422     2.376    display_0/counter_0/sw_IBUF[7]
    SLICE_X1Y19          LUT3 (Prop_lut3_I0_O)        0.152     2.528 r  display_0/counter_0/seg_OBUF[6]_inst_i_3/O
                         net (fo=7, routed)           0.694     3.222    display_0/counter_0/bin[3]
    SLICE_X1Y18          LUT6 (Prop_lut6_I3_O)        0.326     3.548 r  display_0/counter_0/seg_OBUF[3]_inst_i_1/O
                         net (fo=1, routed)           1.874     5.422    seg_OBUF[3]
    U11                  OBUF (Prop_obuf_I_O)         2.627     8.049 r  seg_OBUF[3]_inst/O
                         net (fo=0)                   0.000     8.049    seg[3]
    U11                                                               r  seg[3] (OUT)
  -------------------------------------------------------------------    -------------------

Slack:                    inf
  Source:                 sw[7]
                            (input port)
  Destination:            seg[5]
                            (output port)
  Path Group:             (none)
  Path Type:              Max at Slow Process Corner
  Data Path Delay:        8.048ns  (logic 4.060ns (50.444%)  route 3.988ns (49.556%))
  Logic Levels:           4  (IBUF=1 LUT3=1 LUT6=1 OBUF=1)

    Location             Delay type                Incr(ns)  Path(ns)    Netlist Resource(s)
  -------------------------------------------------------------------    -------------------
    R15                                               0.000     0.000 r  sw[7] (IN)
                         net (fo=0)                   0.000     0.000    sw[7]
    R15                  IBUF (Prop_ibuf_I_O)         0.954     0.954 r  sw_IBUF[7]_inst/O
                         net (fo=1, routed)           1.422     2.376    display_0/counter_0/sw_IBUF[7]
    SLICE_X1Y19          LUT3 (Prop_lut3_I0_O)        0.152     2.528 r  display_0/counter_0/seg_OBUF[6]_inst_i_3/O
                         net (fo=7, routed)           0.852     3.380    display_0/counter_0/bin[3]
    SLICE_X1Y17          LUT6 (Prop_lut6_I5_O)        0.326     3.706 r  display_0/counter_0/seg_OBUF[5]_inst_i_1/O
                         net (fo=1, routed)           1.714     5.420    seg_OBUF[5]
    V17                  OBUF (Prop_obuf_I_O)         2.628     8.048 r  seg_OBUF[5]_inst/O
                         net (fo=0)                   0.000     8.048    seg[5]
    V17                                                               r  seg[5] (OUT)
  -------------------------------------------------------------------    -------------------

Slack:                    inf
  Source:                 sw[7]
                            (input port)
  Destination:            seg[4]
                            (output port)
  Path Group:             (none)
  Path Type:              Max at Slow Process Corner
  Data Path Delay:        7.976ns  (logic 4.061ns (50.916%)  route 3.915ns (49.084%))
  Logic Levels:           4  (IBUF=1 LUT3=1 LUT6=1 OBUF=1)

    Location             Delay type                Incr(ns)  Path(ns)    Netlist Resource(s)
  -------------------------------------------------------------------    -------------------
    R15                                               0.000     0.000 r  sw[7] (IN)
                         net (fo=0)                   0.000     0.000    sw[7]
    R15                  IBUF (Prop_ibuf_I_O)         0.954     0.954 r  sw_IBUF[7]_inst/O
                         net (fo=1, routed)           1.422     2.376    display_0/counter_0/sw_IBUF[7]
    SLICE_X1Y19          LUT3 (Prop_lut3_I0_O)        0.152     2.528 r  display_0/counter_0/seg_OBUF[6]_inst_i_3/O
                         net (fo=7, routed)           0.618     3.146    display_0/counter_0/bin[3]
    SLICE_X1Y18          LUT6 (Prop_lut6_I0_O)        0.326     3.472 r  display_0/counter_0/seg_OBUF[4]_inst_i_1/O
                         net (fo=1, routed)           1.875     5.347    seg_OBUF[4]
    T11                  OBUF (Prop_obuf_I_O)         2.629     7.976 r  seg_OBUF[4]_inst/O
                         net (fo=0)                   0.000     7.976    seg[4]
    T11                                                               r  seg[4] (OUT)
  -------------------------------------------------------------------    -------------------

Slack:                    inf
  Source:                 sw[2]
                            (input port)
  Destination:            seg[2]
                            (output port)
  Path Group:             (none)
  Path Type:              Max at Slow Process Corner
  Data Path Delay:        7.897ns  (logic 3.883ns (49.165%)  route 4.015ns (50.835%))
  Logic Levels:           4  (IBUF=1 LUT3=1 LUT6=1 OBUF=1)

    Location             Delay type                Incr(ns)  Path(ns)    Netlist Resource(s)
  -------------------------------------------------------------------    -------------------
    V15                                               0.000     0.000 r  sw[2] (IN)
                         net (fo=0)                   0.000     0.000    sw[2]
    V15                  IBUF (Prop_ibuf_I_O)         0.978     0.978 r  sw_IBUF[2]_inst/O
                         net (fo=1, routed)           1.136     2.113    display_0/counter_0/sw_IBUF[2]
    SLICE_X1Y19          LUT3 (Prop_lut3_I2_O)        0.124     2.237 r  display_0/counter_0/seg_OBUF[6]_inst_i_2/O
                         net (fo=7, routed)           0.986     3.223    display_0/counter_0/bin[2]
    SLICE_X1Y17          LUT6 (Prop_lut6_I1_O)        0.124     3.347 r  display_0/counter_0/seg_OBUF[2]_inst_i_1/O
                         net (fo=1, routed)           1.893     5.240    seg_OBUF[2]
    U12                  OBUF (Prop_obuf_I_O)         2.657     7.897 r  seg_OBUF[2]_inst/O
                         net (fo=0)                   0.000     7.897    seg[2]
    U12                                                               r  seg[2] (OUT)
  -------------------------------------------------------------------    -------------------

Slack:                    inf
  Source:                 display_0/counter_0/sig_cnt_reg[0]/C
                            (rising edge-triggered cell FDRE)
  Destination:            an[1]
                            (output port)
  Path Group:             (none)
  Path Type:              Max at Slow Process Corner
  Data Path Delay:        6.058ns  (logic 3.440ns (56.793%)  route 2.617ns (43.207%))
  Logic Levels:           3  (FDRE=1 LUT1=1 OBUF=1)

    Location             Delay type                Incr(ns)  Path(ns)    Netlist Resource(s)
  -------------------------------------------------------------------    -------------------
    SLICE_X0Y13          FDRE                         0.000     0.000 r  display_0/counter_0/sig_cnt_reg[0]/C
    SLICE_X0Y13          FDRE (Prop_fdre_C_Q)         0.456     0.456 f  display_0/counter_0/sig_cnt_reg[0]/Q
                         net (fo=14, routed)          0.536     0.992    display_0/counter_0/sig_cnt_reg[0]_0
    SLICE_X0Y13          LUT1 (Prop_lut1_I0_O)        0.150     1.142 r  display_0/counter_0/an_OBUF[1]_inst_i_1/O
                         net (fo=1, routed)           2.081     3.223    an_OBUF[1]
    T10                  OBUF (Prop_obuf_I_O)         2.834     6.058 r  an_OBUF[1]_inst/O
                         net (fo=0)                   0.000     6.058    an[1]
    T10                                                               r  an[1] (OUT)
  -------------------------------------------------------------------    -------------------

Slack:                    inf
  Source:                 display_0/counter_0/sig_cnt_reg[0]/C
                            (rising edge-triggered cell FDRE)
  Destination:            an[0]
                            (output port)
  Path Group:             (none)
  Path Type:              Max at Slow Process Corner
  Data Path Delay:        5.191ns  (logic 3.085ns (59.416%)  route 2.107ns (40.584%))
  Logic Levels:           2  (FDRE=1 OBUF=1)

    Location             Delay type                Incr(ns)  Path(ns)    Netlist Resource(s)
  -------------------------------------------------------------------    -------------------
    SLICE_X0Y13          FDRE                         0.000     0.000 r  display_0/counter_0/sig_cnt_reg[0]/C
    SLICE_X0Y13          FDRE (Prop_fdre_C_Q)         0.456     0.456 r  display_0/counter_0/sig_cnt_reg[0]/Q
                         net (fo=14, routed)          2.107     2.563    an_OBUF[0]
    R10                  OBUF (Prop_obuf_I_O)         2.629     5.191 r  an_OBUF[0]_inst/O
                         net (fo=0)                   0.000     5.191    an[0]
    R10                                                               r  an[0] (OUT)
  -------------------------------------------------------------------    -------------------

Slack:                    inf
  Source:                 btnu
                            (input port)
  Destination:            display_0/clock_0/sig_cnt_reg[24]/R
  Path Group:             (none)
  Path Type:              Max at Slow Process Corner
  Data Path Delay:        4.248ns  (logic 1.072ns (25.237%)  route 3.176ns (74.763%))
  Logic Levels:           2  (IBUF=1 LUT6=1)

    Location             Delay type                Incr(ns)  Path(ns)    Netlist Resource(s)
  -------------------------------------------------------------------    -------------------
    P15                                               0.000     0.000 r  btnu (IN)
                         net (fo=0)                   0.000     0.000    btnu
    P15                  IBUF (Prop_ibuf_I_O)         0.948     0.948 r  btnu_IBUF_inst/O
                         net (fo=3, routed)           1.748     2.696    display_0/clock_0/btnu_IBUF
    SLICE_X1Y15          LUT6 (Prop_lut6_I5_O)        0.124     2.820 r  display_0/clock_0/sig_cnt[0]_i_1/O
                         net (fo=27, routed)          1.428     4.248    display_0/clock_0/sig_cnt[0]_i_1_n_0
    SLICE_X0Y20          FDRE                                         r  display_0/clock_0/sig_cnt_reg[24]/R
  -------------------------------------------------------------------    -------------------





Min Delay Paths
--------------------------------------------------------------------------------------
Slack:                    inf
  Source:                 display_0/clock_0/sig_cnt_reg[5]/C
                            (rising edge-triggered cell FDRE)
  Destination:            display_0/clock_0/ce_reg/D
  Path Group:             (none)
  Path Type:              Min at Fast Process Corner
  Data Path Delay:        0.355ns  (logic 0.231ns (64.992%)  route 0.124ns (35.008%))
  Logic Levels:           3  (FDRE=1 LUT6=2)

    Location             Delay type                Incr(ns)  Path(ns)    Netlist Resource(s)
  -------------------------------------------------------------------    -------------------
    SLICE_X0Y15          FDRE                         0.000     0.000 r  display_0/clock_0/sig_cnt_reg[5]/C
    SLICE_X0Y15          FDRE (Prop_fdre_C_Q)         0.141     0.141 r  display_0/clock_0/sig_cnt_reg[5]/Q
                         net (fo=2, routed)           0.062     0.203    display_0/clock_0/sig_cnt_reg[5]
    SLICE_X1Y15          LUT6 (Prop_lut6_I0_O)        0.045     0.248 r  display_0/clock_0/sig_cnt[0]_i_6/O
                         net (fo=2, routed)           0.063     0.310    display_0/clock_0/sig_cnt[0]_i_6_n_0
    SLICE_X1Y15          LUT6 (Prop_lut6_I3_O)        0.045     0.355 r  display_0/clock_0/ce_i_1/O
                         net (fo=1, routed)           0.000     0.355    display_0/clock_0/ce_i_1_n_0
    SLICE_X1Y15          FDRE                                         r  display_0/clock_0/ce_reg/D
  -------------------------------------------------------------------    -------------------

Slack:                    inf
  Source:                 display_0/clock_0/sig_cnt_reg[10]/C
                            (rising edge-triggered cell FDRE)
  Destination:            display_0/clock_0/sig_cnt_reg[10]/D
  Path Group:             (none)
  Path Type:              Min at Fast Process Corner
  Data Path Delay:        0.385ns  (logic 0.252ns (65.529%)  route 0.133ns (34.471%))
  Logic Levels:           2  (CARRY4=1 FDRE=1)

    Location             Delay type                Incr(ns)  Path(ns)    Netlist Resource(s)
  -------------------------------------------------------------------    -------------------
    SLICE_X0Y16          FDRE                         0.000     0.000 r  display_0/clock_0/sig_cnt_reg[10]/C
    SLICE_X0Y16          FDRE (Prop_fdre_C_Q)         0.141     0.141 r  display_0/clock_0/sig_cnt_reg[10]/Q
                         net (fo=2, routed)           0.133     0.274    display_0/clock_0/sig_cnt_reg[10]
    SLICE_X0Y16          CARRY4 (Prop_carry4_S[2]_O[2])
                                                      0.111     0.385 r  display_0/clock_0/sig_cnt_reg[8]_i_1/O[2]
                         net (fo=1, routed)           0.000     0.385    display_0/clock_0/sig_cnt_reg[8]_i_1_n_5
    SLICE_X0Y16          FDRE                                         r  display_0/clock_0/sig_cnt_reg[10]/D
  -------------------------------------------------------------------    -------------------

Slack:                    inf
  Source:                 display_0/clock_0/sig_cnt_reg[18]/C
                            (rising edge-triggered cell FDRE)
  Destination:            display_0/clock_0/sig_cnt_reg[18]/D
  Path Group:             (none)
  Path Type:              Min at Fast Process Corner
  Data Path Delay:        0.385ns  (logic 0.252ns (65.529%)  route 0.133ns (34.471%))
  Logic Levels:           2  (CARRY4=1 FDRE=1)

    Location             Delay type                Incr(ns)  Path(ns)    Netlist Resource(s)
  -------------------------------------------------------------------    -------------------
    SLICE_X0Y18          FDRE                         0.000     0.000 r  display_0/clock_0/sig_cnt_reg[18]/C
    SLICE_X0Y18          FDRE (Prop_fdre_C_Q)         0.141     0.141 r  display_0/clock_0/sig_cnt_reg[18]/Q
                         net (fo=2, routed)           0.133     0.274    display_0/clock_0/sig_cnt_reg[18]
    SLICE_X0Y18          CARRY4 (Prop_carry4_S[2]_O[2])
                                                      0.111     0.385 r  display_0/clock_0/sig_cnt_reg[16]_i_1/O[2]
                         net (fo=1, routed)           0.000     0.385    display_0/clock_0/sig_cnt_reg[16]_i_1_n_5
    SLICE_X0Y18          FDRE                                         r  display_0/clock_0/sig_cnt_reg[18]/D
  -------------------------------------------------------------------    -------------------

Slack:                    inf
  Source:                 display_0/clock_0/sig_cnt_reg[22]/C
                            (rising edge-triggered cell FDRE)
  Destination:            display_0/clock_0/sig_cnt_reg[22]/D
  Path Group:             (none)
  Path Type:              Min at Fast Process Corner
  Data Path Delay:        0.385ns  (logic 0.252ns (65.529%)  route 0.133ns (34.471%))
  Logic Levels:           2  (CARRY4=1 FDRE=1)

    Location             Delay type                Incr(ns)  Path(ns)    Netlist Resource(s)
  -------------------------------------------------------------------    -------------------
    SLICE_X0Y19          FDRE                         0.000     0.000 r  display_0/clock_0/sig_cnt_reg[22]/C
    SLICE_X0Y19          FDRE (Prop_fdre_C_Q)         0.141     0.141 r  display_0/clock_0/sig_cnt_reg[22]/Q
                         net (fo=2, routed)           0.133     0.274    display_0/clock_0/sig_cnt_reg[22]
    SLICE_X0Y19          CARRY4 (Prop_carry4_S[2]_O[2])
                                                      0.111     0.385 r  display_0/clock_0/sig_cnt_reg[20]_i_1/O[2]
                         net (fo=1, routed)           0.000     0.385    display_0/clock_0/sig_cnt_reg[20]_i_1_n_5
    SLICE_X0Y19          FDRE                                         r  display_0/clock_0/sig_cnt_reg[22]/D
  -------------------------------------------------------------------    -------------------

Slack:                    inf
  Source:                 display_0/clock_0/sig_cnt_reg[2]/C
                            (rising edge-triggered cell FDRE)
  Destination:            display_0/clock_0/sig_cnt_reg[2]/D
  Path Group:             (none)
  Path Type:              Min at Fast Process Corner
  Data Path Delay:        0.385ns  (logic 0.252ns (65.529%)  route 0.133ns (34.471%))
  Logic Levels:           2  (CARRY4=1 FDRE=1)

    Location             Delay type                Incr(ns)  Path(ns)    Netlist Resource(s)
  -------------------------------------------------------------------    -------------------
    SLICE_X0Y14          FDRE                         0.000     0.000 r  display_0/clock_0/sig_cnt_reg[2]/C
    SLICE_X0Y14          FDRE (Prop_fdre_C_Q)         0.141     0.141 r  display_0/clock_0/sig_cnt_reg[2]/Q
                         net (fo=2, routed)           0.133     0.274    display_0/clock_0/sig_cnt_reg[2]
    SLICE_X0Y14          CARRY4 (Prop_carry4_S[2]_O[2])
                                                      0.111     0.385 r  display_0/clock_0/sig_cnt_reg[0]_i_2/O[2]
                         net (fo=1, routed)           0.000     0.385    display_0/clock_0/sig_cnt_reg[0]_i_2_n_5
    SLICE_X0Y14          FDRE                                         r  display_0/clock_0/sig_cnt_reg[2]/D
  -------------------------------------------------------------------    -------------------

Slack:                    inf
  Source:                 display_0/clock_0/sig_cnt_reg[6]/C
                            (rising edge-triggered cell FDRE)
  Destination:            display_0/clock_0/sig_cnt_reg[6]/D
  Path Group:             (none)
  Path Type:              Min at Fast Process Corner
  Data Path Delay:        0.385ns  (logic 0.252ns (65.465%)  route 0.133ns (34.535%))
  Logic Levels:           2  (CARRY4=1 FDRE=1)

    Location             Delay type                Incr(ns)  Path(ns)    Netlist Resource(s)
  -------------------------------------------------------------------    -------------------
    SLICE_X0Y15          FDRE                         0.000     0.000 r  display_0/clock_0/sig_cnt_reg[6]/C
    SLICE_X0Y15          FDRE (Prop_fdre_C_Q)         0.141     0.141 r  display_0/clock_0/sig_cnt_reg[6]/Q
                         net (fo=2, routed)           0.133     0.274    display_0/clock_0/sig_cnt_reg[6]
    SLICE_X0Y15          CARRY4 (Prop_carry4_S[2]_O[2])
                                                      0.111     0.385 r  display_0/clock_0/sig_cnt_reg[4]_i_1/O[2]
                         net (fo=1, routed)           0.000     0.385    display_0/clock_0/sig_cnt_reg[4]_i_1_n_5
    SLICE_X0Y15          FDRE                                         r  display_0/clock_0/sig_cnt_reg[6]/D
  -------------------------------------------------------------------    -------------------

Slack:                    inf
  Source:                 display_0/counter_0/sig_cnt_reg[0]/C
                            (rising edge-triggered cell FDRE)
  Destination:            display_0/counter_0/sig_cnt_reg[0]/D
  Path Group:             (none)
  Path Type:              Min at Fast Process Corner
  Data Path Delay:        0.385ns  (logic 0.186ns (48.291%)  route 0.199ns (51.709%))
  Logic Levels:           2  (FDRE=1 LUT3=1)

    Location             Delay type                Incr(ns)  Path(ns)    Netlist Resource(s)
  -------------------------------------------------------------------    -------------------
    SLICE_X0Y13          FDRE                         0.000     0.000 r  display_0/counter_0/sig_cnt_reg[0]/C
    SLICE_X0Y13          FDRE (Prop_fdre_C_Q)         0.141     0.141 r  display_0/counter_0/sig_cnt_reg[0]/Q
                         net (fo=14, routed)          0.199     0.340    display_0/counter_0/sig_cnt_reg[0]_0
    SLICE_X0Y13          LUT3 (Prop_lut3_I0_O)        0.045     0.385 r  display_0/counter_0/sig_cnt[0]_i_1__0/O
                         net (fo=1, routed)           0.000     0.385    display_0/counter_0/sig_cnt[0]_i_1__0_n_0
    SLICE_X0Y13          FDRE                                         r  display_0/counter_0/sig_cnt_reg[0]/D
  -------------------------------------------------------------------    -------------------

Slack:                    inf
  Source:                 display_0/clock_0/sig_cnt_reg[14]/C
                            (rising edge-triggered cell FDRE)
  Destination:            display_0/clock_0/sig_cnt_reg[14]/D
  Path Group:             (none)
  Path Type:              Min at Fast Process Corner
  Data Path Delay:        0.386ns  (logic 0.252ns (65.354%)  route 0.134ns (34.646%))
  Logic Levels:           2  (CARRY4=1 FDRE=1)

    Location             Delay type                Incr(ns)  Path(ns)    Netlist Resource(s)
  -------------------------------------------------------------------    -------------------
    SLICE_X0Y17          FDRE                         0.000     0.000 r  display_0/clock_0/sig_cnt_reg[14]/C
    SLICE_X0Y17          FDRE (Prop_fdre_C_Q)         0.141     0.141 r  display_0/clock_0/sig_cnt_reg[14]/Q
                         net (fo=2, routed)           0.134     0.275    display_0/clock_0/sig_cnt_reg[14]
    SLICE_X0Y17          CARRY4 (Prop_carry4_S[2]_O[2])
                                                      0.111     0.386 r  display_0/clock_0/sig_cnt_reg[12]_i_1/O[2]
                         net (fo=1, routed)           0.000     0.386    display_0/clock_0/sig_cnt_reg[12]_i_1_n_5
    SLICE_X0Y17          FDRE                                         r  display_0/clock_0/sig_cnt_reg[14]/D
  -------------------------------------------------------------------    -------------------

Slack:                    inf
  Source:                 display_0/clock_0/sig_cnt_reg[26]/C
                            (rising edge-triggered cell FDRE)
  Destination:            display_0/clock_0/sig_cnt_reg[26]/D
  Path Group:             (none)
  Path Type:              Min at Fast Process Corner
  Data Path Delay:        0.386ns  (logic 0.252ns (65.354%)  route 0.134ns (34.646%))
  Logic Levels:           2  (CARRY4=1 FDRE=1)

    Location             Delay type                Incr(ns)  Path(ns)    Netlist Resource(s)
  -------------------------------------------------------------------    -------------------
    SLICE_X0Y20          FDRE                         0.000     0.000 r  display_0/clock_0/sig_cnt_reg[26]/C
    SLICE_X0Y20          FDRE (Prop_fdre_C_Q)         0.141     0.141 r  display_0/clock_0/sig_cnt_reg[26]/Q
                         net (fo=2, routed)           0.134     0.275    display_0/clock_0/sig_cnt_reg[26]
    SLICE_X0Y20          CARRY4 (Prop_carry4_S[2]_O[2])
                                                      0.111     0.386 r  display_0/clock_0/sig_cnt_reg[24]_i_1/O[2]
                         net (fo=1, routed)           0.000     0.386    display_0/clock_0/sig_cnt_reg[24]_i_1_n_5
    SLICE_X0Y20          FDRE                                         r  display_0/clock_0/sig_cnt_reg[26]/D
  -------------------------------------------------------------------    -------------------

Slack:                    inf
  Source:                 display_0/clock_0/sig_cnt_reg[10]/C
                            (rising edge-triggered cell FDRE)
  Destination:            display_0/clock_0/sig_cnt_reg[11]/D
  Path Group:             (none)
  Path Type:              Min at Fast Process Corner
  Data Path Delay:        0.418ns  (logic 0.285ns (68.253%)  route 0.133ns (31.747%))
  Logic Levels:           2  (CARRY4=1 FDRE=1)

    Location             Delay type                Incr(ns)  Path(ns)    Netlist Resource(s)
  -------------------------------------------------------------------    -------------------
    SLICE_X0Y16          FDRE                         0.000     0.000 r  display_0/clock_0/sig_cnt_reg[10]/C
    SLICE_X0Y16          FDRE (Prop_fdre_C_Q)         0.141     0.141 r  display_0/clock_0/sig_cnt_reg[10]/Q
                         net (fo=2, routed)           0.133     0.274    display_0/clock_0/sig_cnt_reg[10]
    SLICE_X0Y16          CARRY4 (Prop_carry4_S[2]_O[3])
                                                      0.144     0.418 r  display_0/clock_0/sig_cnt_reg[8]_i_1/O[3]
                         net (fo=1, routed)           0.000     0.418    display_0/clock_0/sig_cnt_reg[8]_i_1_n_4
    SLICE_X0Y16          FDRE                                         r  display_0/clock_0/sig_cnt_reg[11]/D
  -------------------------------------------------------------------    -------------------





